Mdd, Mdd, Mdd, Mdd, Mdd, Mdd, Mdd, Mdd, Mdd, Mdd, Mdd, Xv^_fme, Xv^_fme, Xv, Xv, Xv, Xv^_fme, Xv^_fme, Xv^_fme, Xv^_fme, Xv, Xv, Xue, Xv, Xv, Xv, Xv, Xv, Xv, Xv, Xoc, Xoc, Xoc, Xv, Xv, Xv, Xv, Xv, Xv, Xv, Xv, Xv, Xv, Xv, Xv, Xv, Xv, Xv, Xv, Xv, Xv, Xv, Xv, Xv, Xv, Xv, Xv, Xv, Xv, Xv, Xv, Xv, Xv, Xv, Xv, Xv, Xv, Xv, Xv, Xv, Xv, Xv, Xv, Xv, Xv, Xv, Xv, Xv, Xv, Xv, Xv, Xv, Xv, Xv, Xv, Xv, Xv, Xv, Xv, Xv, Xv, Xv, Xv, Xv, Xv, Xv, Xv, Xv, Xv, Xv, Xv, Xv
Mdd, Mdd, Mdd, Mdd, Mdd, Mdd^Ymi, Mdd, Mdd, Mdd, Mdd, Mdd, Mm^_fme, Mm^_fme, Xv^_fme, Xv^_fme, Xv, Xv, Xv, Xv, Xv, Xue, Xue, Wwg, Xu, Xu, Xv, Xv, Xv, Xv, Xoc, Irs^Ychc, Irs^Ychc, Irs^Ycsa, Xoc, Xv, Xv, Xv, Xv, Xv, Xv, Xv, Xv, Xoi, Xv, Xv, Xv, Xv, Xv, Xv, Xv, Xv, Xv, Xv, Xv, Xv, Xv, Xv, Xv, Xv, Xv, Xv, Xv, Xv, Xv, Xv, Xv, Xv, Xv, Xv, Xv, Xv, Xv, Xv, Xv, Xv, Xv, Xv, Xv, Xv, Xv, Xv, Xv, Xv, Xv, Xv, Xv, Xv, Xv, Xv, Xv, Xv, Xv, Xv, Xv, Xv, Xv, Xv, Xv, Xv, Xv, Xv, Xv
Mdd, Mdd, Mdd, Mdd, Mdd, Mdd, Mdd, Mdd, Mdd, Mdd, Mdd, Mdd, Mdd, Mdd^_fme, Mdd^_fme, Xv^_fme, Xv^_fme, Xv, Xv, Xue, Uue, Uue^Ecf, Uue, Ur^Ypob, Xu, Xv, Xv, Xv, Xoc, Xoc, Irs, Irs, Irs, Xoc, Xoc, Xv, Xv, Xv, Xv, Xv, Xoi, Xoi, Irs^Ebn, Xoi, Xoi, Xv, Xv, Xv, Xv, Xv, Xv, Xv, Xv, Xv, Xv, Xv, Xv, Xv, Xv, Xv, Xv, Xv, Xv, Xv, Xv, Xv, Xv, Xv, Xv, Xv, Xv, Xv, Xv, Xv, Xv, Xv, Xv, Xv, Xv, Xv, Xv, Xv, Xv, Xv, Xv, Xv, Xv, Xv, Xv, Xv, Xv, Xv, Xv, Xv, Xv, Xv, Xv, Xv, Xv, Xv, Xv, Xv
Hhd^Ft, Hhd, Hhd, Mdd, Mdd, Mdd, Mdd, Mdd, Mdd, Mdd, Mdd, Mdd, Mdd, Mdd, Md, Mm^_fme, Mdd^_fme, Xv^_fme, Xu^_fme, Xue, Uu, Uue, Uh^Ypa, Ur^Uf, Xu, Xv, Xv, Xoc, Rrc^Ychf, Rrc^Yora, Rrc, Irs^Ytab, Rrc, Rrc^Yora, Rrc^Ychb, Xoc, Xv, Xv, Xoi, Xoi, Irs^Ychd, Irs, Irs, Irs^Ybob, Irs^Yora, Xoi, Xoi, Xv, Xv, Xv, Xv, Xv, Xv, Xv, Xv, Xv, Xv, Xv, Xv, Xv, Xv, Xv, Xv, Xv, Xv, Xv, Xv, Xv, Xv, Xv, Xv, Xv, Xv, Xv, Xv, Xv, Xv, Xv, Xv, Xv, Xv, Xv, Xv, Xv, Xv, Xv, Xv, Xv, Xv, Xv, Xv, Xv, Xv, Xv, Xv, Xv, Xv, Xv, Xv, Xv, Xv, Xv
Hhd^Ft, Hhd^Ft, Hhd^Ft, Hhd, Hhd^Ft, Hhd, Hhd, Mdd, Mdd, Mdd, Hhd^Ft, Mdd, Mdd, Mdd, Md, Mdd, Mm, Mm^_fme, Mdd^_fme, Uu^_fme, Xu^_fme, Xue, Xu, Xu, Xv, Xv, Xv, Xoi, Rrc^Ychf, Rrc^Ychf, Rrc^Ychf, Rrc, Rrc^Ychb, Rrc^Ychb, Rrc^Ychb, Xoi, Xoi, Xoi, Irs^Ychd, Irs^Ychd, Irs^Yfrb, Irs^Ytad, Rrc, Irs, Irs, Irs^Ybob, Irs, Xoi, Xoi, Xv, Xv, Xv, Xv, Xv, Xv, Xv, Xv, Xv, Xv, Xv, Xv, Xv, Xv, Xv, Xv, Xv, Xv, Xv, Xv, Xv, Xv, Xv, Xv, Xv, Xv, Xv, Xv, Xv, Xv, Xv, Xv, Xv, Xv, Xv, Xv, Xv, Xv, Xv, Xv, Xv, Xv, Xv, Xv, Xv, Xv, Xv, Xv, Xv, Xv, Xv, Xv, Xv
Hhd^Ft, Hhd^Ft, Gd, Hhd^Ft, Hhd, Hhd^Ft, Hhd^Ft, Hhd^Ft, Hhd^Ft, Hhd, Hhd, Hhd, Hhd^Ft, Hhd, Hhd, Mm, Mm, Mm, Mdd, Mm^_fme, Mm^_fme, Xv^_fme, Xv^_fme, Xv, Xv, Xv, Xv, Xoc, Rrc^Ychf, Rrc, Rrc, Rrc, Rrc, Rrc, Rrc^Ychb, Xoc, Xoi, Irs^Ebn, Irs^Ychf, Irs^Ytac, Rrc, Rrc, Rrc^Yfo, Rrc, Rrc, Irs, Irs, Irs^Yst, Xoi, Xv, Xv^_fme, Xv^_fme, Xv^_fme, Xv, Xv, Xv, Xv, Xv, Xv, Xv, Xv, Xv, Xv, Xv, Xv, Xv, Xv, Xv, Xv, Xv, Xv, Xv, Xv, Xv, Xv, Xv, Xv, Xv, Xv, Xv, Xv, Xv, Xv, Xv, Xv, Xv, Xv, Xv, Xv, Xv, Xv, Xv, Xv, Xv, Xv, Xv, Xv, Xv, Xv, Xv, Xv, Xv
Gs^Ft, Gs^Ft, Gs^Ft, Gs^Ft, Gs^Ft, Hhd, Hhd^Ft, Hhd^Ft, Hhd^Ft, Hhd^Ft, Hhd^Ft, Hhd^Ft, Hhd^Ft, Hhd, Hhd^Ft, Hhd^Ft, Hhd, Mdd, Mdd, Mdd, Md, Mdd^_fme, Mdd^_fme, Xv^_fme, Xv^_fme, Xv, Xv, Xoi, Rrc^Ychf, Rrc^Ychf, Rrc^Ychf, Rrc, Rrc^Ychb, Rrc^Ychb, Rrc^Ychb, Xoi, Xv, Xoi, Xoi, Rrc, Rrc, Rrc, Rrc, Rrc, Irs^Yptb, Irs^Yora, Xoi, Xoi, Xv, Xv, Xoc^_fme, Re^_fme, Xoc^_fme, Xv, Xv, Xv, Xv, Xv, Xv, Xv, Xv, Xv, Xv, Xv, Xv, Xv, Xv, Xv, Xv, Xv, Xv, Xv, Xv, Xv, Xv, Xv, Xv, Xv, Xv, Xv, Xv, Xv, Xv, Xv, Xv, Xv, Xv, Xv, Xv, Xv, Xv, Xv, Xv, Xv, Xv, Xv, Xv, Xv, Xv, Xv, Xv, Xv
Gs^Ft, Gd^Ft, Gd, Gd^Ft, Gd^Ft, Gs^Ft, Gs^Ft, Hhd^Ft, Gd, Hhd^Ft, Gs^Ft, Hhd^Ft, Gd^Ft, Hhd^Ft, Hhd^Ft, Hhd, Hhd^Ft, Hhd, Hhd, Mdd, Mm, Mm, Mm, Mm^_fme, Mm^_fme, Xv^_fme, Xv^_fme, Xoc, Rrc^Ychf, Rrc, Rrc, Rrc, Rrc, Rrc, Rrc^Ychb, Xoc, Xv^_fme, Xoi, Rrc^Pw\, Rrc, Xoi, Rrc, Irs, Irs, Xoi, Xoi, Xv, Xv, Xoc, Xoc, Rrc, Re, Rrc, Xoc, Xoc, Xv, Xol, Xos, Xos, Xos, Xos, Xos, Xol, Xv, Xv, Xv, Xv, Xv, Xv, Xv, Xv, Xv, Xv, Xv, Xv, Xv, Xv, Xv, Xv, Xv, Xv, Xv, Xv, Xv, Xv, Xv, Xv, Xv, Xv, Xv, Xv, Xv, Xv, Xv, Xv, Xv, Xv, Xv, Xv, Xv, Xv, Xv
Gs^Ft, Gs^Ft, Hhd^Ft, Gd, Gs^Ft, Gd^Ft, Gd^Ft, Gs^Ft, Gd, Gd, Gs^Ft, Gs^Ft, Gs^Ft, Gd^Ft, Gd^Ft, Hhd^Ft, Hhd^Ft, Hhd^Ft, Hhd^Ft, Hhd^Ft, Hhd^Ft, Mm, Mm, Mdd, Mm, Mm^_fme, Mdd^_fme, Xoc^_fme, Xoc^_fme, Rrc^Ychf, Rrc^Ychf, Rrc, Rrc^Ychb, Rrc^Ychb, Xoc^_fme, Xoc^_fme, Xv^_fme, Rrc^_fme, Rrc^_fme, Xoi, Xoi, Xoi, Xoi, Xoi, Xos, Xv, Xv, Xv, Xoc, Rrc^Yar, Rrc, Rrc, Rrc^Yche, Rrc^Ycsa, Xoc, Xol, Urb^Ytac, Urb^Ybea, Urb, Urb^Ybea, Urb^Yptb, Urb^Ybea, Urb^Ycsa, Xol, Xv, Xv, Xv, Xv, Xv, Xv, Xv, Xv, Xv, Xv, Xv, Xv, Xv, Xv, Xv, Xv, Xv, Xv, Xv, Xv, Xv, Xv, Xv, Xv, Xv, Xv, Xv, Xv, Xv, Xv, Xv, Xv, Xv, Xv, Xv, Xv, Xv, Xv
Gs^Ft, Hhd, Hhd^Ft, Hhd^Ft, Hhd^Ft, Gd, Gd, Gd^Ft, Gs^Ft, Gs^Ft, Gd, Gs, Gs^Ft, Gd^Ft, Gd^Ft, Gs^Ft, Hhd, Hhd^Yvia, Hhd, Hhd^Ft, Hhd, Mdd, Hhd, Mm, Mm, Mm, Mm, Mdd^_fme, Mm^_fme, Xoc^_fme, Xoc^_fme, Rrc, Xoc^_fme, Xoc^_fme, Xv^_fme, Xv^_fme, Xv, Xv^_fme, Xv^_fme, Xv^_fme, Xos, Xos, Xol, Xos, Iwr^Ybob, Xos, Xos, Xv, Xoc, Rrc^Ybr, Rrc^Yptb, Rrc^Ytaa, Rrc^Ychb, Rrc^Ebn, Xoc, Xos, Urb^Ychd, Urb, Urb^Ychc, Urb, Urb, Urb, Urb, Xos, Xos, Xv, Xv, Xv, Xv, Xv, Xv, Xv, Xv, Xv, Xv, Xv, Xv, Xv, Xv, Xv, Xv, Xv, Xv, Xv, Xv, Xv, Xv, Xv, Xv, Xv, Xv, Xv, Xv, Xv, Xv, Xv, Xv^_fme, Xv, Xv^_fme, Xv, Xv^_fme, Xv
Gs^Ft, Hhd^Ft, Hhd^Ft, Hhd^Ft, Hhd^Ft, Hhd^Ft, Gd^Ft, Gd, Gs^Ft, Gd, Gd^Ft, Gd^Ft, Gd, Gd^Ft, Gd^Ft, Gd, Gd, Hhd, Hhd, Hhd^Ft, Hhd^Ft, Hhd, Hhd^Ft, Mdd, Mm, Mm, Mm, Mm, Mm^_fme, Mm^_fme, Mm^_fme, Rrc^_fme, Rrc^_fme, Xv^_fme, Xv, Xv, Xv, Xv^_fme, Iwr^_fme, Xos^_fme, Xos, Xol, Ior, Ior^Ycsa, Iwr, Iwr^Ybea, Iwr^Ybea, Xol, Xol, Xoc, Xoc, Rrc^Ycha, Xoc, Xoc, Xoc, Xos, Urb^Yfrb, Urb^Ytab, Urb^Ebn, Urb^Yche, Urb, Urb, Urb, Urb, Urb^Pw/, Xos, Xos, Xv, Xv, Xv, Xv, Xv, Xv, Xv, Xv, Xv, Xv, Xv, Xv, Xv, Xv, Xv, Xv, Xv, Xom, Xv, Xv, Xv, Xv, Xv, Xv, Xv, Xv, Xv, Xv, Xv, Gs^_fme, Xv^_fme, Gs^_fme, Xv^_fme, Gs^_fme, Xv
Gs^Ft, Ss, Gs^Ft, Gs^Ft, Ss, Gs^Ft, Gd^Ft, Gd^Ft, Gd^Ft, Gd, Gs^Ft, Gd^Ft, Gs^Ft, Gs^Ft, Hhd^Ft, Gd^Ft, Gs^Ft, Gs^Ft, Gs^Ft, Hhd^Ft, Hhd^Ft, Hhd, Hhd^Ft, Hhd^Ft, Hhd, Mm, Mm, Mm, Mm^_fme, Mm^_fme, Xv^_fme, Xv^_fme, Xv^_fme, Xv^_fme, Xv, Xv, Xv, Xos^_fme, Xos, Iwr, Iwr, Ior, Iwr, Iwr, Iwr, Iwr, Iwr^Ypob, Iwr^Yptb, Xos, Xoc, Xv, Xoc, Xv^_fme, Xv, Xv, Xos, Xos, Xos, Xos, Xos, Xos, Xos, Xos, Xos, Xol, Urb, Urb, Xol, Xol, Xv, Xv, Xv, Xv, Xv, Xv, Xv, Xv, Xv, Xv, Xv, Xv, Xv, Xom, Xom, Rp, Xom, Xom, Xv, Xv, Xv, Xv, Xv, Xv, Xv, Xv, Xv, Gs^_fme, Gs^_fme, Gs^Efm, Gs^_fme, Gs^Efm, Gs
Gs^Ft, Ss, Ss, Gs^Ft, Gs^Ft, Gs^Ft, Ds, Gs^Ft, Gs^Ft, Gd^Ft, Gd^Ft, Gs^Ft, Gd^Ft, Hhd^Ft, Hhd, Gs^Ft, Gs^Ft, Gd, Gd^Ft, Gs^Ft, Gs^Ft, Hhd, Hhd, Hhd^Ft, Hhd, Mdd, Mm, Mm, Mdd^_fme, Mm^_fme, Xv^_fme, Xv, Xv, Xv, Xv, Xv, Xv, Xv, Xos, Iwr, Iwr^Ytae, Iwr^Yche, Iwr, Iwr, Iwr, Iwr^Ebn, Xos, Xos, Xv, Xv, Xom, Xv^_fme, Iwr^_fme, Xv^_fme, Xom, Xos, Xos, Xos, Xos^_fme, Xos^_fme, Xos, Xos, Urb^Yst, Xol, Urb, Urb, Urb, Urb^Yfrb, Urb^Ychc, Xos, Xol, Xv, Xv, Xv, Xv, Xv, Xv, Xv, Re^_fme, Re^_fme, Xom, Xom, Rp, Rp^Ybox, Rp, Rp^Ybob, Rp^Ytae, Xom, Xom, Xv, Xv, Xv, Gg, Xv, Xv, Xv, Gs^_fme, Gs^Efm, Gg^Fet, Gs^Efm, Gs^Efm, Gs^_fme
Ss, Ss, Ss, Ss, Ss, Ds^Ft, Ds, Gd^Ft, Ds^Ft, Gs^Ft, Gs^Ft, Gs^Ft, Gg, Hhd, Hhd^Ft, Hhd^Ft, Gs^Ft, Gs^Ft, Gs, Gd^Ft, Gd^Ft, Gs^Ft, Hhd^Ft, Hhd^Ft, Hhd^Ft, Mm, Mm, Mm, Hhd, Mm^_fme, Mm^_fme, Xv^_fme, Xv^_fme, Xv, Xv, Xv, Xv, Xv, Xv, Xos, Xos, Iwr^Ybar, Ior, Iwr, Iwr, Xos, Xos^_fme, Xv, Xom, Xom, Iwr^Ybar, Xom, Iwr, Xom, Iwr^Yptb, Xom, Xom, Xos^_fme, Urb^_fme, Xos^_fme, Xol, Xol, Urb, Urb^Ychd, Urb^Ytac, Urb, Urb, Urb^Ytaa, Urb^Ytae, Urb, Urb, Xol, Xos, Xv, Xv, Xv, Xv^_fme, Re^_fme, Rb^Eff, Re^Eff, Re, Rp, Rp^Eff, Rp, Rp, Rp^Ychf, Rp, Rp^Ybr, Xom, Xv, Xv, Gs^Ft, Xv, Xv, Mm^_fme, Hh^_fme, Gs^Ft, Gs^Efm, Gs^Efm, Gs^Efm, Sm^Ft, Gs^Ft
Ww, Ss, Ss, Ss, Ss, Ss, Ww, Ds, Ds, Ds, Ds, Ds^Ft, Gd^Ft, Ds^Ft, Ds^Ft, Gs, Gd^Ft, Gs^Ft, Gd^Ft, Gd^Ft, Gd^Ft, Gd, Hhd^Ft, Hhd^Ft, Hhd^Ft, Mm, Mm^Ybr, Hhd, Gs^Ygrc, Mm, Mm, Mm^_fme, Mm^_fme, Xv^_fme, Xv^_fme, Xv, Xv, Xv, Xv, Xv, Xv, Xos, Xos, Xos, Xos^_fme, Iwr^_fme, Xv^_fme, Xv, Xom, Ior^Yboc, Iwr^Ytab, Iwr, Iwr, Iwr, Iwr, Ior^Ybea, Xom, Xos^_fme, Xos, Urb, Urb, Urb, Urb^Ytad, Urb, Urb, Urb^Ychb, Urb^Ytac, Urb, Urb^Ycha, Urb^Ebn, Urb, Urb, Urb, Xos, Xv, Xv, Xv, Xom, Xom, Rb, Re, Re, Re^Ypoa, Re^Eff, Rb^Eff, Rp, Rp, Rp^Ypa, Xom, Xv, Xv^_fme, Xv, Hh^_fme, Hh^_fme, Mm, Hh, Hh^Ft, Sm^Ft, Gs, Sm^Ft, Gd^Ft, Gs^Ft
Ww, Ww, Ww, Ww, Ww, Ww, Ww, Ww, Wwf^Es, Ds, Ww, Ds, Ds, Gd^Ft, Ds^Ft, Ds^Ft, Ds^Ft, Gd, Gs^Ft, Gd^Ft, Gs^Ft, Gd^Ft, Hhd^Ft, Hhd^Ft, Hhd, Hhd^Ft, Hhd^Ft, Gg^Ygra, Gg^Ygrb, Gg^Ygra, Gg^Ymy, Mm, Mm, Mm^_fme, Mm^_fme, Xv^_fme, Xv^_fme, Xv, Xv, Xv, Xv, Xv, Xv, Xv, Xv^_fme, Xv^_fme, Xv, Xv, Xom, Ior^Yboc, Iwr^Ycha, Ior^Ycsb, Iwr, Iwr, Ior, Iwr^Ebn, Xom, Xos, Xos, Urb^Ebn, Urb^Ychf, Urb, Urb, Urb, Urb^Ytad, Urb^Ybr, Urb, Urb, Urb^Ytad, Urb, Xos, Xos, Urb^Pw|, Xos, Xos, Xv, Xv, Xv, Xom, Re, Rb, Re, Rb, Re, Re, Re^Eff, Re^Eff, Rp, Xom, Xv^_fme, Ww^_fme, Ww^_fme, Gs^Ft, Hh, Hh, Hh, Hh^Ft, Sm^Ft, Gs, Sm^Ft, Gd^Ft, Gs^Ft
Ss, Ww, Ss, Ww, Wwf, Ww, Ss, Wwf, Ds, Ww, Ww, Ww, Ww, Ds, Ds, Ds^Ft, Gd, Gs^Ft, Ds^Ft, Gs^Ft, Gd, Gd, Gd, Gd, Gs, Hhd, Gs, Gs^Ygrc, Gs, Gg, Gg^Ygrb, Gg^Ygra, Mm, Mm^Xo, Mm^Xo, Mm^_fme, Mm^_fme, Xv^_fme, Xv^_fme, Xv, Xv, Xv, Xv, Xv, Xv, Xv, Xv, Xv, Xom, Iwr^Ybea, Iwr^Ybea, Iwr^Ychb, Iwr, Iwr^Ycsa, Iwr^Ytac, Iwr^Yal, Xom, Xos, Xos, Xos, Xos, Urb, Urb, Urb, Urb, Urb^Ycha, Urb^Ytac, Urb^Yche, Xos, Xos, Xos, Xos, Urb, Xos, Urb^Ybea, Xos, Xos, Xv, Xom, Rb, Rb, Re, Rb, Re, Re, Rb, Rb, Xom, Xv, Xv, Ww^_fme, Ww^Ewf, Sm^Ewl, Gs^Ft, Gs^Ft, Hh^Ft, Hh, Hh, Ww^Ft, Sm^Ft, Gd^Ft, Gd^Ft
Ww, Ww, Wwf, Ss, Ss^Ewl, Ss, Ss, Ds, Ds^Ft, Ds, Ds, Ds, Ds, Ww, Ww, Ds, Ds, Ds, Ds, Gd, Ds, Ds^Ft, Gs^Ft, Ds^Ft, Ds^Ft, Hhd^Ft, Hhd^Ft, Gg, Gg^Ygrb, Gg^Ygrc, Gg^Ygra, Mm, Mm, Mm^Xo, Mm^Xo, Mm^Xo, Mm^Xo, Mm^_fme, Mm^_fme, Xv^_fme, Xv^_fme, Xv, Xv, Xv, Xv, Xv, Xv, Xv, Xv, Xom, Xom, Xom, Xom, Xom, Xom, Xom, Xol, Xos, Xos, Xos, Urb^Pw\, Urb, Xos, Urb, Urb^Ebn, Urb, Urb, Xos, Xos^_fme, Xos, Xol, Xol, Urb, Urb, Urb, Urb^Ycsa, Urb^Ebn, Xos, Xom, Re^Ybar, Rb, Rb, Rb^Ystb, Rb, Rb, Rb, Rb^Ybar, Xom, Xv, Xv, Gs^_fme, Ww^Ft, Ww^Ft, Sm^Ft, Sm, Gs, Gs, Gs, Hh^Ft, Gd^Ft, Gd^Ft, Gd^Ft
Ss, Ss, Ss, Ss, Wwf, Ww^Ewl, Ss, Ss, Gs^Ft, Ss, Ds^Ft, Ds^Ft, Gd^Ft, Ds, Ds, Ww, Ww, Wwf, Wwf^Es, Ds, Ww, Ds, Ds, Ds, Ds, Ds, Hd, Hhd, Hd, Hhd, Hhd, Mm, Mm, Mm^Xo, Mm^Xo, Mm^Xo, Mm^Xo, Mm^Xo, Mm^Xo, Mm^_fme, Mm^_fme, Xv^_fme, Xv^_fme, Xv^_fme, Xv^_fme, Xv^_fme, Xv^_fme, Xv^_fme, Xv^_fme, Xv^_fme, Xv^_fme, Xv, Xv, Xv, Xos, Xol, Urb^Yche, Urb^Ycsa, Urb, Urb, Xos, Xos, Xos, Xos, Xos, Xos, Xos^_fme, Urb^_fme, Xv^_fme, Xos, Xos, Urb^Ybea, Urb, Urb^Ychd, Urb^Ytac, Urb^Yptb, Xos, Xos, Xom, Rb^Ystc, Rb, Rb, Rb, Rb, Rb, Rb, Rb^Ysta, Xom, Xv, Xv, Gs^_fme, Gs^Ft, Gs, Ww, Sm, Hh, Uu^Ft, Hh, Gs^Ft, Gs^Ft, Gs^Ft, Gs^Ft
Wwf, Ss, Wwf, Ss, Ss, Ss, Ss, Ss, Gs^Ft, Gs^Ft, Gs^Ft, Gd^Ft, Gd, Ds, Ds^Ft, Ds, Ds, Wwf^Es, Ds, Ww, Ww, Ww, Ww, Ww, Ww, Ds, Ww, Hd, Wo, Md, Md, Mdd, Mm, Mm^Xo, Mm^Xo, Mm^Xo, Mm^Xo, Mm^Xo, Mm^Xo, Mm^Xo, Mm^Xo, Mm^_fme, Mm^_fme, Mm^_fme, Mm^_fme, Mm^_fme, Mm^_fme, Mm^_fme, Mm^_fme, Mm^_fme, Mm^_fme, Xv^_fme, Xv^_fme, Xv, Xos, Urb^Ytae, Urb, Urb, Urb, Urb, Urb^Ebn, Xol, Xos, Xos, Xos, Xos, Xos^_fme, Xv^_fme, Xos^_fme, Xv, Xv, Xos, Xos, Urb, Xos, Xos, Xv, Xv, Xom, Rb^Ysta, Rb, Rb, Rb, Rb, Rb, Rb, Rb^Ybox, Xom, Xv, Xv, Gs^_fme, Gs, Ww, Ww^Ft, Sm^Ft, Uu^Ft, Uu^Ft, Gd^Ft, Gs^Ft, Gs^Ft, Gs^Ft, Gs^Ft
Ss, Ss, Ss, Ss, Wwf, Ss, Ss, Gs^Ft, Gs^Ft, Ss, Gd, Gd^Ft, Gd^Ft, Gd, Gs^Ft, Ds^Ft, Gs^Ft, Ds, Gs^Ft, Ds, Ds, Ds, Ds, Ww, Ww, Ww, Ww, Wo, Wo, Wo, Wo, Md, Md, Mm^Xo, Mm^Xo, Mm^Xo, Mm^Xo, Mm^Xo, Mm^Xo, Mm^Xo, Mm^Xo, Mm^Xo, Mm^Xo, Mm^_fme, Mm^_fme, Mm^_fme, Mm^_fme, Mm^_fme, Mm^_fme, Mm^_fme, Mm^_fme, Mm^_fme, Mm^_fme, Xv^_fme, Xv^_fme, Xos, Xos, Urb^Ybeb, Urb, Urb, Xos, Xos, Xos, Xos, Xos, Xos, Xos^_fme, Urb^_fme, Xos^_fme, Xos, Xos, Xos, Xos, Xos, Xv, Xv, Xv^_fme, Xv, Xom, Rb^Ystc, Rb, Rb^Ystc, Rb, Rb, Rb^Ysta, Rb, Rb^Yfra, Xom, Xv, Xv, Gs^_fme, Gs, Gs, Sm^Ft, Sm^Ft, Uu^Ft, Uu^Ft, Gs^Ft, Hh, Hh, Hh^Ft, Hh
Ss, Ss, Ss, Ss, Ss, Ss, Ss, Ss, Ss, Ss, Wwf, Gs^Ft, Gd^Ft, Gs^Ft, Gd^Ft, Ds, Gs^Ft, Ds, Gs^Ft, Ds, Ds^Ft, Ds^Ft, Ds^Ft, Ds, Ds, Ds, Ds, Ww, Ww, Wo, Wo, Wo, Wo, Mm^Xo, Mm^Xo, Mm^Xo, Mm^Xo, Mm^Xo, Mm, Hh, Mm, Mm, Hh, Mm, Mm, Mm, Mm, Mm, Hh, Mm, Mm, Mm, Mm, Mm^_fme, Mm^_fme, Xv^_fme, Xv^_fme, Xos, Xos, Xos, Xos, Xos, Xos, Urb^Ybea, Urb^Ytaa, Urb^Ypob, Urb, Urb, Urb^Ypa, Urb, Urb, Urb^Ybob, Xos, Xos, Xv, Xv, Xom^_fme, Xv, Xom, Xom, Xom, Rb, Rb, Rb, Rb, Rb, Xom, Xom, Xv^_fme, Xv^_fme, Gs^_fme, Gs, Ww^Ft, Ww, Gs, Uu^Ft, Uu^Ft, Hh, Mm, Mm, Hh, Hh
Gs^Ft, Gs^Ft, Gs^Ft, Ss, Gd^Ft, Gs^Ft, Gs^Ft, Gs^Ft, Gs^Ft, Gs^Ft, Gs^Ft, Gs^Ft, Gs, Gd^Ft, Gd^Ft, Gs^Ft, Gd, Gd, Gs^Ft, Gd^Ft, Gd^Ft, Gs^Ft, Gd^Ft, Ds^Ft, Ds^Ft, Ds^Ft, Ds^Ft, Ds, Ww, Wo, Wo, Wo, Wo, Ww^Xo, Mm^Xo, Mm^Xo, Mm, Mm, Mm, Hh, Hh, Hh, Hh, Mm, Hh, Hh, Mm, Hh, Rrc^Yvif, Hh, Mm, Mm, Mm, Mm, Mm, Mm^_fme, Mm^_fme, Xv^_fme, Xv^_fme, Xv, Xv, Xv, Xos, Urb^Ebn, Urb, Urb, Urb^Ybar, Urb, Urb, Urb, Urb^Yche, Urb^Yptb, Xos, Xv, Xom^_fme, Iwr^_fme, Iwr, Xom, Iwr^Ybea, Xom, Xom, Xom, Xom, Rb, Xom, Xom, Xv, Xv, Co^_fme, Co^_fme, Co^_fme, Ww^_fme, Ww^Ewl, Ww^Ft, Ww^Ft, Hh, Sm^Ft, Hh^Ft, Hh, Mm^Ybr, Hh, Hh
Gs^Ft, Ss, Gs^Ft, Gd^Ft, Hhd, Hhd^Ft, Hhd^Ft, Gs, Hhd, Hhd^Ft, Gs^Ft, Gd, Gs^Ft, Gs^Ft, Gs^Ft, Gd^Ft, Gs, Gs^Ft, Hhd, Gs^Ft, Gs^Ft, Gd^Ft, Gs^Ft, Gd^Ft, Gs^Ft, Gs^Ft, Gd, Ds, Ds, Ww, Wo, Wo, Wo, Ww^Xo, Ds, Hh^Ft, Hh^Ybr, Hh^Ft, Hh, Hh, Co^Xo, Co^Xo, Co^Xo, Hh, Gs, Hh, Gg, Hh, Rrc, Hh, Hh, Mm, Hh, Mm, Hh, Mm, Hh, Hh^_fme, Hh^_fme, Xv^_fme, Xv^_fme, Xv, Xos, Urb^Ybea, Urb^Ybox, Urb, Urb, Urb^Yal, Urb, Urb, Urb, Urb, Xos, Xv, Xom, Xom, Iwr, Iwr, Iwr, Iwr^Ybea, Iwr^Ybob, Xom, Xom, Xom, Xv, Xv, Co^_fme, Co^_fme, Co^Yche, Co^_fme, Co^_fme, Ww^_fme, Gs^Ft, Ww^Ft, Gs, Gs, Gs, Hh^Ft, Hh^Ft, Hh, Hh, Hh^Ft
Gs^Ft, Gd, Gs^Ft, Gs^Ft, Hhd^Ft, Gs^Ft, Md, Hhd, Hhd^Ft, Hhd, Gs^Ft, Gs^Ft, Gs^Ft, Gs^Ft, Gd, Gs, Gs^Ft, Hhd^Ft, Gs^Ft, Hhd^Ft, Gs^Ft, Gs, Gs^Ft, Gs^Ft, Ds, Gs^Ft, Ds^Ft, Ds^Ft, Ds, Ww, Ww, Wo, Wo, Wo^Xo, Ww, Ds, Ds, Gg, Gs, Co^Xo, Hhd, Wwf, Ss, Co^Xo, Gs, Gs, Gs, Rp, Rr, Rp, Gg^Efm, Hh, Gg^Do, Hh, Gg, Hh, Gg, Hh, Gd, Gd^_fme, Xv^_fme, Xv, Xos, Urb^Ycsa, Urb, Urb, Urb^Ebn, Urb, Urb^Ebn, Urb, Urb^Yal, Urb^Ebn, Xos, Gg, Xom, Iwr^Ypob, Iwr^Ybr, Iwr, Iwr, Iwr, Iwr^Ytad, Iwr^Ycsa, Xom, Xv, Co^_fme, Co^_fme, Co^Yche, Co^Ytae, Co, Co^Ypta, Co^_fme, Gs^_fme, Gs^Ft, Gs, Ww^Ft, Hh^Ft, Mm^Ft, Hh, Hh^Ft, Hh^Ft, Gd^Ft, Gs^Ft
Gs^Ft, Gs^Ft, Gs^Ft, Gs, Hhd, Hhd, Hhd^Ft, Hhd^Ft, Hhd^Ft, Gs^Ft, Gs^Ft, Hhd^Ft, Hhd^Ft, Gs^Ft, Gs, Gs^Ft, Gs^Ft, Gs^Ft, Gd^Ft, Gs^Ft, Gs^Ft, Gd^Ft, Gs^Ft, Gs, Gs, Gs^Ft, Gs^Ft, Ds, Ds^Ft, Ds, Ww, Wo, Wo, Wo^Xo, Ww, Ds, Gg^Fts, Gs^Fts, Gs, Co^Xo, Gd^Fts, Rd, Wwf^Xo, Co^Xo, Gg, Gg, Gg, Rp, Rr, Rp, Gg^Efm, Rr^Yvid, Gg^Efm, Gg, Rrc, 2 Rrc^Yvie, Gg, Gg, Gs, Gd^_fme, Xv^_fme, Xv, Xv, Xos, Xos, Xos, Xos, Xos, Xos, Xos, Xos, Xos, Xv, Xv, Xv, Xom, Xom, Iwr^Ychd, Iwr^Ytac, Iwr, Xom, Xom, Co^_fme, Co^_fme, 4 Dd, Co^Xo, Co^Xo, Co^Yche, Co^Yche, Co, Co^_fme, Gs^_fme, Gs^Ft, Gs, Hh, Hh^Ft, Hh^Ft, Hh, Gs, Gd^Ft, Gd^Ft, Gd^Ft
Gs^Ft, Gs^Ft, Gs^Ft, Gs^Ft, Gs^Ft, Hhd^Ft, Gs^Ft, Gs^Ft, Gs^Ft, Gd, Gs^Ft, Hhd, Gd, Gs^Ft, Gs^Ft, Gs^Ft, Gd, Gs^Ft, Gs, Gs^Ft, Gs, Gs^Ft, Gs^Ft, Ds, Ds^Ft, Ds, Gs^Ft, Ds^Ft, Gg^Ft, Ds, Ds, Ww, Ww^Es, Wo^Xo, Ww^Es, Ds, Gg, Gs, Gs^Eff, Co^Xo, Co^Xo, Rd^Xo, Ko, Co^Xo, Gg, Gg^Fet, Gg, Rp, Rr, Rp, Gs, Rr, Gg, Gg, Gs^Ywe, Rrc, Gs^Ybr, Ch, Ch, Gs^_fme, Xv^_fme, Xv, Xv, Xv, Xv^_fme, Xv, Xv, Xv, Xom, Xom, Xom, Xom, Xom, Xom, Xom, Xom, Xom, Xom, Xom, Xom, Co^_fme, Co^_fme, Ko, Wwf, Wwf, Rd, Ko, Co^Xo, Co^Xo, Co^Yche, Co^_fme, Hh^_fme, Hh^Ft, Uu^Ft, Hh, Mm^Ft, Hh^Ft, Uu^Ft, Gs, Gs^Ft, Gd^Ft, Gd^Ft
Gs^Ft, Gs^Ft, Gs, Gs^Ft, Gs^Ft, Gs^Ft, Gd, Gs^Ft, Gs^Ft, Gs^Ft, Gs^Ft, Gs, Gs^Ft, Gs, Gs, Gs^Ft, Gs^Ft, Gg, Gg^Ybr, Gs, Gs^Ft, Gs, Gs, Gg, Gs^Ft, Ds^Ft, Ds, Gd, Ds^Ft, Gd^Ft, Ds, Ww, Wo, Wo^Xo, Ww, Ds, Ds, Gg^Eff, Rd, Gg, Gs^Es, Co^Xo, Rd, Rd, Rr, Rp, Rr, Rr, Rr, Rr, Rr, Rr, Rr, Rr, Rr, Rr, Rr, Rr, Rr^Ysp, Rr^_fme, Xv^_fme, Xv, Xv^_fme, Xv^_fme, Dd^_fme, Xv^_fme, Xv^_fme, Xv, Xom, Iwr^Ybea, Ior, Ior^Ybea, Ior^Ybar, Ior^Ybea, Ior, Iwr^Ybea, Xom, Xom, Co^_fme, Co^_fme, Hhd, Hhd, Gd, Rd, Wwf, Rd, Ss^Bw\r, Ss, Gd^Fts, Co^Xo, Co^_fme, Hh^_fme, Hh, Hh^Ft, Hh^Ft, Gs, Gs, Gs, Hh, Gs^Ft, Hh, Gs^Ft
Gs^Ft, Gd, Gs^Ft, Gs, Gs, Gs^Ft, Gd, Gs^Ft, Gg, Gd, Gs^Ft, Gs^Ft, Gs^Ft, Gs^Ft, Gs^Ft, Gs^Ft, Gg, Gs^Ft, Gs^Ft, Gs^Ft, Gs^Ft, Gg, Ds^Ft, Gs, Ds, Ds, Dd^Do, Ds, Ds, Ds, Ww, Ww, Wo, Wo^Xo, Ww, Ww, Ww^Bw/, Ds^Bw/, Rd, Rd, Gs, Gs^Es, Gg, Gg, Wwt^Bsb|, Rr, Gg, Rr, Rd, Rr, Rd, Rr, Gs, Rr, Gg, Rr, Gs, Rr, Ch, Rr^_fme, Xv^_fme, Xv^_fme, Co^_fme, Co^_fme, Re, Co^_fme, Co^_fme, Xv^_fme, Xom^_fme, Iwr^Ychc, Ior^Yche, Iwr, Ior, Ior, Ior^Ychd, Ior^Ycsa, Xom, Xom^_fme, Co^_fme, Hhd, Hhd, Gd^Fts, Md, Hhd, Rd, Wwf, Ss, Ss^Bw|r, Ss, Gd^Fts, Co^_fme, Hh^_fme, Hh, Uu^Ft, Hh^Ft, Mm^Ft, Hh, Hh^Ft, Hh^Ft, Hh^Ft, Hh, Hh
Gs^Ft, Gs^Ft, Gs, Gs^Ft, Gs^Ft, Gs, Gs, Gs^Ft, Gs, Gs^Ft, Gs^Ft, Gs^Ft, Gs^Ft, Gs^Ft, Gs^Ft, Gs^Ft, Gs^Ft, Gs^Ft, Gg, Gs^Ft, Ds, Gs^Ft, Ds^Ft, Ds^Ft, Ds, Ds, Ds, Ds, Ds, Ds, Ds, Ww, Wo, Wo^Xo, Wo, Ww, Ww, Ds, Ds, Rd^Yvig, Rd, Gs, Wwt, Wwt^Ewf, Rrc, Wwt, Wwt, Gg^Es, Gs^Es, Rd, Rd, Gs, Gs^Fts, Gs, Gs^Fts, Rd, Gs, Kh, Gd^Edt, Gd^_fme, Xv^_fme, Co^_fme, Re^Yar, Re, Re, Re^Ybob, Re^Ybox, Co^_fme, Xom^_fme, Ior^Ebn, Xom, Iwr, Ior, Ior, Xom, Ior^Ytac, Xom, Xom^_fme, Co^_fme, Wwf, Gd^Fts, Wwf, Md, Hhd^Ft, Ss, Wwf, Ww^Bw/r, Chs^Ybr, Ss^Bw\r, Ss, Co^_fme, Hh^_fme, Gs^Ft, Gs^Ft, Gs, Wwf, Ww^Ft, Gs, Hh^Ft, Hh, Hh, Hh
Gs^Ft, Gs, Gs^Ft, Gs^Ft, Gs^Ft, Gs^Ft, Gs^Ft, Gs, Gs^Ft, Gg, Gs^Ft, Gs^Ft, Gs^Ft, Gs^Ft, Gs^Ft, Gs^Ft, Gg, Gs^Ft, Ds^Ft, Gs^Ft, Ds^Ft, Ds^Ft, Ds, Ds^Ft, Ds, Gs^Ft, Ds, Ds, Ds, Ds, Ww, Ww, Wo, Wo^Xo, Wo, Wo, Ww, Ds, Ds, Ds, Rd, Gg, Wwt, Rrc, Cv, Rrc, Wwt^Ewf, Gs, Rd, Gs, Gg^Efm, Hhd^Yvic, Rd, Gs^Fts, Rd, Ce, Ce, Gd^Edt, Gd^Edt, Gd^_fme, Xv^_fme, Co^_fme, Re^Yfrb, Re, Re, Re, Re^Ebn, Co^_fme, Re^_fme, Xom, Ce, Xom, Ce, Xom, Ce, Xom, Ce^Ysta, Xom^_fme, Co^_fme, Hhd^Ft, Wwf, Hd^Ft, Hd, Hhd, Rd, Ss^Bw/r, Ww, Ww, Gd, Gd^Fts, Co^_fme, Gs^_fme, Gs^Ft, Gs, Ww^Ft, Ww^Ft, Gs, Gs, Gd^Ft, Hh, Hh, Hh
Gs^Ft, Gs^Ft, Gs^Ft, Gs^Ft, Gs^Ft, Gs^Ft, Gd, Gs^Ft, Gs^Ft, Gs^Ft, Gs, Gs^Ft, Gs^Ft, Gs^Ft, Gs, Gs^Ft, Gs^Ft, Ds, Ds, Ds, Ds, Ds, Ww, Ds, Ww, Ds, Ww, Ds, Ww, Ww, Ww, Ww, Wo, Wo^Xo, Wo, Ww, Ds, Ds, Ds, Rd^Yvih, Rd, Gs, Wwt^Bsb/, Rrc, Rrc, Rrc, Wwt^Bsb\, Gg, Rd, Rd, Rd, Gg^Efm, Rd, Rd, Rd, Ce, Rd, Rd, Gd^Fts, Gs^_fme, Gd^_fme, Co^_fme, Co^_fme, Re^Ytaa, Re^Ebn, Re, Re, Co^_fme, Gs^_fme, Ce^Ystb, Ce, Ce, Ce, Ce, Ce, Ce, Ce^Ystc, Re^_fme, Co^_fme, Gd^Fts, Dd, Gd, Dd, Dd, Rd, Ss, Chw, Ww^Bw/r, Gd, Gd^Fts, Co^_fme, Sm^_fme, Sm^Ft, Gs, Gs, Gs, Sm^Ft, Gd^Ft, Hh^Ft, Hh, Hh, Hh
Gs^Ft, Gs^Ft, Gs, Gs^Ft, Gs, Gs^Ft, Gs^Ft, Gs, Gs^Ft, Gs^Ft, Gs^Ft, Gs^Ft, Gs^Ft, Gs, Gs, Gg, Ds, Gs^Ft, Ds, Ww, Ww, Ww, Wo, Ww, Wo, Ww^Ewl, Wo, Ww, Wo, Ww, Wo, Wo, Wo, Wo^Xo, Ww, Ww, Ds, Ds, Ds, Ds, Rd, Rd, Gg, Wwt, Wwt, Wwt, Rd, Rd, Rd, Rd, Rd, Rd, Gs, Rd, Gs, Rd, Rd^Ybr, Rd, Ch, Gs^_fme, Gd^_fme, Gs^_fme, Gs^_fme, Co^_fme, Co^_fme, Co^_fme, Re^_fme, Re^_fme, Re^_fme, Ce, Ce^Ysta, Ce, Ce, Ce, Ce, Ce, Ce, Gs^_fme, Co^_fme, Gd^Fts, Gd^Fts, Gd^Fts, Gd, Dd, Rd, Rd, Wwf, Ss, Gd, Gd, Co^_fme, Sm^_fme, Sm^Ft, Ww^Ft, Gs, Ww^Ft, Sm^Ft, Hh^Ft, Hh^Ft, Hh^Ft, Gs^Ft, Gs^Ft
Gs^Ft, Gs^Ft, Gs, Gs^Ft, Gs^Ft, Gs^Ft, Gs, Gs^Ft, Gs^Ft, Gs^Ft, Gs^Ft, Gs^Ft, Gs^Ft, Gs, Gs, Gs, Gs^Ft, Ds, Ww^Ewl, Ww, Ww, Wo, Wo, Wo, Wo, Wo, Wo, Wo, Wo, Wo, Wo, Wo, Wo, Wo^Xo, Wo, Ww, Ww, Ds, Ch, Rd, Rd^Ybr, Rd, Gs^Es, Gs, Gs, Rd, Gs, Gg, Hh, Gs, Rd, Gs, Gs^Edpp, Rd^Yvik, Rb, Gd, Ch, Rd, Rd^Ysp, Gs^Xo, Gs^Xo, Gs^_fme, Gs^_fme, Gd^_fme, Gs^_fme, Xv^_fme, Xv^_fme, Re^_fme, Gs^_fme, Ce^Ybox, Ce, Ce, Ce, Ce, Ce, Ce, Ce^Yfra, Gs^_fme, Co^_fme, Gd^Fts, Ss, Ss, Gd^Fts, Gd^Fts, Rd, Rd, Wwf, Ww, Ww, Gd, Co^_fme, Sm^_fme, Gd^Ft, Gs^Efm, Gs, Gs^Efm, Gs^Efm, Gs^Ft, Gs^Ft, Hh^Ft, Gs^Ft, Gs^Ft
Gs^Ft, Gs^Ft, Gs^Ft, Gs^Ft, Gs, Gs^Ft, Gg, Gg, Gg, Gs^Ft, Gs^Ft, Gs^Ft, Gs, Gs, Gs, Gs, Ds^Ft, Ds, Ww^Ewl, Ww, Wo, Wo, Wo, Wo, Wo, Wo, Wo, Wo, Wo, Wo, Wo, Wo, Wo, Wo^Xo, Wo^Xo, Wo, Ww, Ds, Ds, Rd, Ch, Gs, Hh, Hh, Gs^Edt, Rd^Yvij, Hh, Gs^Edp, Hh^Em, Hh^Yvib, Hh^Em, Hh, Hh, Rb^Gvs, Rb^Edp, Gs, Gs^Es, Gs, Gs^Xo, Rd^Xo, Rd^Xo, Gd^Xo, Gs^Xo, Gd^_fme, Gs^_fme, Gd^_fme, Gs^_fme, Xv^_fme, Xv^_fme, Gs^_fme, Xom^_fme, Ce, Ce, Ce, Ce, Ce, Gs^_fme, Re^_fme, Xv^_fme, Co^_fme, Co^_fme, Ss, Ko, Gd^Fts, Rd, Wwf, Ko, Ww, Co^_fme, Co^_fme, Xv^_fme, Gd^_fme, Gd^Ft, Gs^Ft, Gs, Gs^Efm, Gs^Efm, Gs^Ft, Gs^Ft, Gs^Ft, Gs^Ft, Gs^Ft
Gs^Ft, Gs^Ft, Gs^Ft, Gs^Ft, Gs^Ft, Hh, Mm^Ybr, Mm, Gg, Gs, Gs^Ft, Gs, Gs^Ft, Gs^Ft, Gg, Gg, Ds^Ft, Ds, Ds, Ww, Wo, Wo, Wo, Wo, Wo, Wo, Wo, Wo, Wo, Wo, Wo, Wo, Wo, Wo^Xo, Wo^Xo, Wo^Xo, Ww^Xo, Ww^Ewl, Hh, Rd, Rd, Hh, Mm, Hh, Hh, Hh, Hh, Hh, Mm, Hh^Emf, Mm, Hh, Hh, Hh, Hh, Hh, Hh^Xo, Hh^Xo, Hh^Xo, Gd^Xo, Gs^Xo, Rd^Xo, Rd^Xo, Gs^Xo, Rd^Xo, Gs^_fme, Gs^_fme, Gd^_fme, Gd^_fme, Rb^_fme, Ce^_fme, Ce^Eff, Ce^Eff, Ce, Re^_fme, Re^_fme, Xv^_fme, Xv^_fme, Xv^_fme, Xv^_fme, Xv^_fme, Co^_fme, Co^_fme, Rd, Dd, Rd, Co^_fme, Co^_fme, Xv^_fme, Xv^_fme, Xv^_fme, Gd^_fme, Gd^Ft, Gd^Ft, Gd^Ft, Gs, Gs, Gs, Gs, Gs, Gs^Ft, Gs^Ft
Gs^Ft, Gs, Gs^Ft, Gs^Ft, Gs, Hh, Gg, Hh, Gs^Ft, Gs^Ft, Gs^Ft, Gs^Ft, Gs, Gs^Ft, Gs^Ft, Gs^Ft, Gs^Ft, Ds^Ft, Ds, Ww, Ww, Wo, Ww, Wo, Wo, Wo, Wo, Wo, Wo, Wo, Wo, Wo, Wo, Wo^Xo, Wo^Xo, Wo^Xo, Ww^Xo, Ds^Xo, Hh^Xo, Hh, Rd^Ysp, Hh, Mm, Mm, Mm, Mm, Mm, Mm, Mm, Mm, Mm, Mm, Mm, Hh, Mm^Xo, Hh^Xo, Mm^Xo, Mm^Xo, Hh^Xo, Hh^Xo, Hh^Xo, Gs^Xo, Hh^Xo, Rd^Xo, Hh^Xo, Rd^Xo, Gs^Xo, Gd^_fme, Gd^_fme, Gs^_fme, Ce^_fme, Ce^_fme, Ce^_fme, Xom^_fme, Xv^_fme, Xv^_fme, Xv^_fme, Xv^_fme, Xv^_fme, Xv^_fme, Xv^_fme, Xv^_fme, Xv^_fme, Co^_fme, Dd^_fme, Co^_fme, Xv^_fme, Xv^_fme, Xv^_fme, Xv^_fme, Xv^_fme, Gd^_fme, Gd^_fme, Gd^_fme, Gd^_fme, Gd^_fme, Gs^_fme, Gs^_fme, Gs^_fme, Gs^_fme, Gs^_fme, Gs^_fme
Gs^Ft, Gs, Gs^Ft, Gs, Gs^Ft, Gg, Gs^Ft, Gs^Ft, Gs, Gs^Ft, Gs^Ft, Gs^Ft, Hhd^Ft, Gs^Ft, Hhd, Gs^Ft, Gs^Ft, Gs, Ds^Ft, Ds, Ww^Ewl, Ww^Ewl, Ww, Wo, Wo, Wo, Wo, Wo, Wo, Wo, Wo, Wo, Wo, Ww^Xo, Ww^Xo, Ww^Xo, Ds^Xo, Hh^Xo, Rd^Xo, Rd^Xo, Hh^Xo, Hh^Xo, Mm^Xo, Mm^Xo, Mm^Xo, Mm^Xo, Mm^Xo, Mm^Xo, Mm^Xo, Mm^Xo, Mm^Xo, Mm^Xo, Mm^Xo, Mm^Xo, Mm^Xo, Mm^Xo, Mm^Xo, Mm^Xo, Mm^Xo, Hh^Xo, Hh^Xo, Hh^Xo, Hh^Xo, Hh^Xo, Hh^Xo, Rd^Xo, Rd^Xo, Gs^Xo, Gs^Xo, Gd^_fme, Gs^_fme, Re^_fme, Gs^_fme, Gs^_fme, Gs^_fme, Gs^_fme, Gs^_fme, Gs^_fme, Gs^_fme, Gg^_fme, Gd^_fme, Gs^_fme, Gs^_fme, Gs^_fme, Gs^_fme, Gs^_fme, Gd^_fme, Gs^_fme, Gs^_fme, Gs^_fme, Gd^_fme, Gg^_fme, Gs^_fme, Gs^_fme, Gs^_fme, Gs^_fme, Gs^_fme, Gs^_fme, Gs^_fme, Gs^_fme, Gs^_fme, Gs^_fme
Hhd^Ft, Hhd^Ft, Hhd^Ft, Gs^Ft, Hhd^Ft, Gs^Ft, Hhd^Ft, Gs^Ft, Hhd^Ft, Hhd^Ft, Hhd^Ft, Hhd, Hhd, Hhd^Ft, Hhd^Ft, Hh^Ft, Hhd^Ft, Gg, Gs^Ft, Ds, Ds, Ww, Ww, Wo, Ww, Wo, Wo, Wo, Wo, Wo, Ww, Wo, Ww^Ewl, Ww^Xo, Ds^Xo, Ds^Xo, Rd^Xo, Rd^Xo, Hh^Xo, Hh^Xo, Hh^Xo, Mm^Xo, Mm^Xo, Mm^Xo, Mm^Xo, Mm^Xo, Mm^Xo, Mm^Xo, Mm^Xo, Mm^Xo, Mm^Xo, Mm^Xo, Mm^Xo, Mm^Xo, Mm^Xo, Mm^Xo, Mm^Xo, Mm^Xo, Mm^Xo, Mm^Xo, Mm^Xo, Hh^Xo, Hh, Hh, Hh, Gs, Gs, Rd, Rd, Gs, Gs, Gd, Gd, Gs, Gs, Gd, Gs, Gs, Gd, Gs, Gs, Gs, Gs, Gs, Gs, Gd, Gs, Gd, Gs, Gs, Gs, Gs, Gs, Gs, Gs, Gs, Rb, Gs, Rb, Gg, Gs, Gs^_fme
Hhd, Hhd, Hhd, Hhd^Ft, Hhd^Ft, Hhd^Ft, Hhd^Ft, Hhd, Hhd, Hhd, Hhd^Ft, Hhd, Mm, Mm, Mm, Mm, Hhd, Hh^Ft, Gs^Ft, Ds^Ft, Gd, Ds, Ds, Ww, Ww, Wo, Ww, Ww, Ww, Ww, Ds, Ww^Ewl, Ww^Ewl, Ww^Xo, Ds^Xo, Rd^Xo, Rd^Xo, Hh^Xo, Hh^Xo, Hh^Xo, Mm^Xo, Mm^Xo, Mm^Xo, Mm^Xo, Mm^Xo, Mm^Xo, Mm^Xo, Mm^Xo, Mm^Xo, Mm^Xo, Mm^Xo, Mm^Xo, Mm^Xo, Mm^Xo, Mm^Xo, Mm^Xo, Mm^Xo, Mm^Xo, Mm^Xo, Mm^Xo, Mm^Xo, Mm^Xo, Hhd, Hhd, Hh, Hhd^Ybr, Gg, Gs, Rd, Gs, Gs, Gs, Gs, Gs, Gs, Gs, Gs, Gs, Gs, Gd, Gs, Gs, Gd, Gs, Gg, Gs, Gd, Gs, Gs, Gs, Gs, Gs, Gs, Gg, Rb, Rb, Rb^Gvs, Rb^Gvs, Rb^Gvs, Rb, Gs, Gs
Mm^_fme, Mm, Mm, Hhd, Mm, Hhd^Ft, Mm, Hhd, Mm, Mm, Mm, Mm, Mm, Mm, Mm, Mm, Mm, Hhd, Hhd^Ft, Gd, Gs^Ft, Gs^Ft, Hhd, Ds, Ds, Ww^Ewl, Hd, Ww, Hd, Ds, Hh, Hd^Ybr, Ds^Xo, Ds^Xo, Rd^Xo, Rd^Xo, Hh^Xo, Hh^Xo, Mm^Xo, Mm^Xo, Mm^Xo, Mm^Xo, Mm^Xo, Mm^Xo, Mm^Xo, Mm^Xo, Mm^_fme, Mm^_fme, Mm^_fme, Mm^_fme, Mm^_fme, Mm^_fme, Mm^_fme, Mm^_fme, Mm^_fme, Mm^_fme, Mm^_fme, Mm^_fme, Mm^_fme, Mm^_fme, Mm^_fme, Mm^_fme, Mm, Hh, Hh, Hh, Gs, Gs, Gs, Rd, Rd, Rd, Rd, Gs, Rd, Gs, Gg, Gs, Gs, Gs, Gs, Gs, Gs, Gs, Gs, Gs, Gs, Gs, Gs, Gg, Gs, Gg, Rb, Rb, Rb^Gvs, Rb^Gvs, Sm, Sm, Rb^Gvs, Rb, Gs, Gs
Mm^_fme, Mm^_fme, Mm^_fme, Mm^_fme, Mm^_fme, Mm^_fme, Mm^_fme, Mm^_fme, Mm^_fme, Mm^_fme, Mm^_fme, Mm^_fme, Mm^_fme, Mm^_fme, Mm^_fme, Mm^Xo, Mm^Xo, Hh^Xo, Mm^Xo, Hhd^Xo, Hhd^Xo, Hhd^Xo, Hhd^Xo, Hhd^Xo, Hh^Xo, Hh^Xo, Hh^Xo, Hh^Xo, Hh^Xo, Hh^Xo, Hh^Xo, Hh^Xo, Gs^Xo, Rd^Xo, Rd^Xo, Rd^Xo, Hh^Xo, Mm^Xo, Mm^Xo, Mm^Xo, Mm^Xo, Mm^Xo, Mm^Xo, Mm^Xo, Mm^Xo, Mm^Xo, Mm^_fme, Mm^_fme, Xu^_fme, Mm^_fme, Mm^_fme, Mm^_fme, Mm^_fme, Mm^_fme, Xu^_fme, Mm^_fme, Xu^_fme, Mm^_fme, Mm^_fme, Mm^_fme, Mm^_fme, Mm^_fme, Mm, Mm, Hh, Hh, Gs, Gs, Gs, Gs, Gs, Gs, Gg, Rd^Ysp, Gs, Rd^Ywe, Rd, Gs, Rd^Yvii, Gs^Ystc, Gg, Gg, Gs, Gs, Gs, Gs, Gs, Gg, Gs, Gs, Rb, Rb, Rb^Gvs, Rb^Edpp, Rb^Gvs, Rb^Gvs, Sm, Rb^Gvs, Rb^Gvs, Rb, Gs, Gs
Xv^_fme, Xv^_fme, Xv^_fme, Xv^_fme, Xv^_fme, Xv^_fme, Xv^_fme, Xv^_fme, Xv^_fme, Xv^_fme, Xv^_fme, Xv^_fme, Xv^_fme, Mm^_fme, Mm^_fme, Mm, Mm, Hhd^Ft, Mm, Hhd^Ft, Hhd, Hhd, Hhd^Ft, Hhd, Hh, Hh, Hhd^Ft, Hh^Ft, Hh, Hh, Hh, Hh, Gs, Rd, Rd, Hh, Hh, Mm, Mm, Mm, Mm, Mm, Mm, Mm, Mm, Mm, Mm^_fme, Xu^_fme, Xu, Xu, Xu, Xu, Xu, Xu, Xu, Xu, Xu, Xu, Ur, Hh, Hh^_fme, Mm^_fme, Mm, Hhd, Hh, Hh, Hh, Gs, Gg, Gs, Gs, Gs, Rb, Gs, Rb, Gs, Rb, Rd, Gs, Gs, Gs, Gs, Gs, Gs, Gg, Gs, Rb, Rb, Rb, Rb, Rb, Rb^Gvs, Rb^Gvs, Rb^Gvs, Wwf, Sm, Rb^Gvs, Rb^Gvs, Rb, Rb, Gs, Gs
Xv, Xv, Xv, Xv, Xv, Xv, Xv, Xv, Xv, Xv, Xv, Xv, Xv, Xv^_fme, Mm^_fme, Mm, Mm, Hhd^Ft, Hhd^Ft, Hhd, Hhd^Ft, Hhd^Ft, Hhd, Hhd^Ft, Hhd, Hhd^Ft, Hhd^Ft, Hh^Ft, Hh, Hh, Gg, Gg, Rd, Rd, Gs, Hh, Hh, Hh^Fp, Mm, Mm, Mm, Mm, Mm, Mm, Mm, Mm, Mm^_fme, Xu^_fme, Xu, Xu, Uu, Xu, Uu^Ywbl, Uu^Ywbl, Uu, Ur, Ur, Uu^Ywbl, Xu, Mm, Mm^_fme, Mm^_fme, Mm, Mm, Mm, Hh, Hh, Gs, Gs, Gs, Gg, Rb^Ysta, Rb, Rb, Rb, Rb, Rb^Gvs, Rb, Rb^Gvs, Rb, Rb, Rb, Rb, Rb, Rb^Ystb, Gs^Ystc, Rb, Rb, Rb^Gvs, Rb^Edpp, Rb^Gvs, Rb^Gvs, Sm, Sm, Rb^Gvs, Rb^Gvs, Rb^Gvs, Rb, Gs, Gs, Gs, Gs
Xv, Xv, Xv, Xv, Xv, Xv, Xv, Xv, Xv, Xv, Xv, Xv, Xv, Xv^_fme, Mm^_fme, Mm, Mm, Mm, Mm, Mm, Hhd^Ft, Hhd^Ft, Hhd, Hh, Hh, Hh^Ft, Hh, Hh, Hh, Gg, Gg, Gs, Rd, Rd, Gg, Gg, Gg, Hh, Hh, Mm, Mm, Mm, Mm, Mm, Mm, Mm, Mm^_fme, Xu^_fme, Xu, Xu, Uu^Ywbt, Xu, Ur, Ur, Wwf, Xu, Xu, Xu, Xu, Xu, Xu^_fme, Mm^_fme, Mm, Mm, Mm, Hh, Hh, Gg, Gs, Gs, Rb, Rb, Rb^Gvs, Rb^Gvs, Rb^Gvs, Rb^Gvs, Wwf, Rb^Gvs, Rb^Gvs, Rb^Gvs, Rb^Gvs, Rb, Rb^Ysc, Rb^Gvs, Rb^Gvs, Rb^Ysta, Rb^Gvs, Rb^Gvs, Rb^Gvs, Rb^Gvs, Wwf, Sm, Rb^Gvs, Rb^Gvs, Rb^Gvs, Rb^Ystb, Rb, Rb, Gs, Gg, Gs, Gs
Xv, Xv, Xv, Xv, Xv, Xv, Xv, Xv, Xv, Xv, Xv, Xv, Xv, Xv^_fme, Mm^_fme, Mm, Mm, Mm, Hhd, Hhd, Hhd, Hh, Hhd, Hh^Ft, Hh, Hh, Hh^Ft, Hh, Gg, Gg, Rd, Rd, Rd, Gg, Gg, Gg, Ww, Wwf, Ww, Ww^Ewl, Mm, Mm, Mm, Mm, Mm, Mm, Mm^_fme, Xu^_fme, Xu, Xu, Ur, Ur^Emf, Xu, Qxu, Qxu, Uh, Uu^Ywbl, Xu, Xu, Xu, Xu^_fme, Mm^_fme, Mm, Mm, Mm, Hh, Hh, Hh, Hh, Gs, Gg, Rb, Rb^Gvs, Wwf, Wwg, Wwg, Wwg, Wwf, Wwg, Rb^Gvs, Rb^Gvs, Rb^Gvs, Rb^Gvs, Rb^Gvs, Rb^Gvs, Rb^Gvs, Rb^Gvs, Rb^Gvs, Sm, Sm, Rb^Gvs, Rb^Gvs, Rb^Gvs, Rb^Gvs, Rb, Rb, Rb, Gs, Gs, Gg, Gs, Gs
Xv, Xv, Xv, Xv, Xv, Xv, Xv, Xv, Xv, Xv, Xv, Xv, Xv, Xv^_fme, Mm^_fme, Mm, Hhd^Ft, Hhd^Ft, Hhd^Ft, Hh, Hhd^Ft, Hhd, Hh, Hhd, Hh, Hh^Ft, Hh^Ft, Gg, Gs, Gs, Rd^Ysp, Rd, Gg, Gg, Ww, Ww, Ww, Ww, Ww, Ww, Ww, Mm, Mm, Mm, Mm, Mm, Mm^_fme, Xu^_fme, Uh, Uu, Ur, Uh, Xu, Uu^Ywbl, Ur, Wwf, Xu, Xu, Xu, Xu, Xu^_fme, Mm^_fme, Mm, Mm, Mm, Hh, Hh^Ft, Hh, Hh^Ft, Hh, Rb, Rb, Rb^Gvs, Rb^Gvs, Wwf, Wwg, Wwg, Wwg, Wwg, Wwf, Wwf, Wwf, Wwf, Rb^Gvs, Wwf, Wwf, Wwf, Wwf, Rb^Gvs, Rb^Gvs, Rb, Rb^Gvs, Rb, Rb, Gs, Rb, Gs, Gs, Gg, Gs, Gs, Gs
Xv, Xv, Xv, Xv, Xv, Xv, Xv, Xv, Xv, Xv, Xv, Xv, Xv, Xv^_fme, Mm^_fme, Hhd, Hhd^Ft, Hhd, Hh, Hh, Hh^Ft, Hhd^Ft, Hh, Hh^Ft, Hh^Ft, Hh^Ft, Hh^Ft, Gg, Rd, Rd, Rd, Gs, Gg, Gg, Ww, Ww^Ewl, Ww, Wo, Wo, Ww, Ww, Ww^Ewl, Mm, Mm, Mm, Mm, Mm^_fme, Xu^_fme, Uu^Ywbl, Qxu^Ywbl, Qxu^Ywbl, Xu, Xu, Xu, Xu, Uu, Uu^Ywbl, Xu, Uu^Ywbl, Xu, Xu^_fme, Mm^_fme, Mm, Mm, Mm, Mm, Hh, Hh, Hh, Hh, Rb^Gvs, Rb, Rb^Edpp, Rb^Gvs, Rb^Gvs, Wwg, Wwg, Wwg, Rb^Gvs, Rb^Gvs, Rb^Gvs, Rb^Gvs, Rb^Gvs, Wwf, Rb^Gvs, Rb^Gvs, Rb^Gvs, Rb^Gvs, Rb^Edpp, Rb^Gvs, Rb, Rb, Gs, Gs, Gs, Gs, Gs^Ft, Gs, Gs, Gs, Gg, Gg
Xv, Xv, Xv, Xv, Xos, Xos, Xos, Xv, Xv, Xv, Xv, Xv, Xv, Xv^_fme, Hhd^_fme, Hhd^Ft, Hhd, Hhd, Hhd^Ft, Hhd, Hhd^Ft, Hh, Hh, Hh, Gs, Hh^Ft, Gs, Gs^Yvig, Rd, Rd, Gs, Gg, Gg, Wwf, Ww, Ww, Wo, Wo, Wo, Wo, Ww, Ww, Mm, Mm, Mm, Mm, Mm^_fme, Xu^_fme, Xu, Wwf, Uu, Wwf^Emf, Wwf^Uf, Uh, Ur, Uu^Ywbl, Ur, Ur^Emf, Uh^Uf, Xu, Xu^_fme, Mm^_fme, Mm, Mm, Mm, Mm, Mm, Hh^Ft, Hh, Hh, Hh, Rb, Rb, Rb^Gvs, Rb^Gvs, Rb^Gvs, Rb^Gvs, Wwf, Rb^Gvs, Rb^Gvs, Rb^Gvs, Rb^Gvs, Rb^Gvs, Rb^Gvs, Rb, Rb^Gvs, Rb, Rb, Rb, Rb, Rb, Rb, Gs, Gs, Gs, Gs, Gs^Ft, Gs^Ft, Gs, Gs, Gs^Ft, Gg
Xv, Xv, Xol, Xos, Ior^Ybeb, Iwr^Ytaa, Ior^Ybr, Xos, Xos, Xv, Xv, Xv, Xv, Xv^_fme, Hhd^_fme, Hhd, Hh, Hhd, Hh^Ft, Hh^Ft, Hh, Hh, Gg, Gs, Ce, Rd, Rd, Rd, 1 Gg, Gs, Gg, Gg, Gg, Ww, Ww, Ww, Wo, Wo, Wo, Ww, Ww^Ewl, Ww, Hh, Mm, Mm, Mm, Mm^_fme, Xu^_fme, Uu^Ywbt, Ur, Qxu, Xu, Xu, Uu^Ywbt, Xu, Wwf, Uu, Uu, Uu^Ywbt, Qxu, Xu^_fme, Mm^_fme, Mm, Mm, Mm, Mm, Hh, Hh, Hh^Ft, Hh, Hh, Gs, Gg, Rb, Gg, Rb^Gvs, Rb, Rb^Gvs, Rb, Rb, Rb, Rb, Rb, Rb, Rb, Rb, Gs, Rb, Gs, Gs, Gs, Gs, Gs, Gg, Gs, Gs^Ft, Gg, Gs^Ft, Gs, Gs, Gs, Gs
Xos, Xol, Iwr, Ior^Ycsa, Iwr, Iwr^Yche, Ior, Iwr^Ybar, Xos, Xv, Xv, Xv, Xv, Xv^_fme, Hh^_fme, Hhd, Hh, Hh^Ft, Hh, Hh, Gs, Gg, Gg, Hh, Rd, Rd, Rd, Gg, Gg, Gg, Ww, Ww, Ww, Ww, Ww, Wo, Ww, Ww, Ww, Ww^Ewl, Wwf, Gg, Hh, Mm, Mm, Mm, Mm^_fme, Xu^_fme, Uu^Ywbt, Xu, Uu^Emf, Qxu, Xu, Uu, Xu, Uu^Ywbt, Xu, Xu, Qxu, Xu, Xu^_fme, Mm^_fme, Mm, Mm, Mm, Mm, Mm, Mm, Mm, Hh, Gg^Fet, Gs, Gs, Gg, Gs, Rb, Rb, Rb, Gs, Rb, Gs, Gs, Gs, Rb, Gg, Gs, Gg, Gs, Gs, Gs, Gs^Ft, Gg, Gg, Gs, Gg, Gs^Ft, Gs, Gs, Gs, Gg, Gs^Ft, Gs
Xos, Ior^Ypta, Ior, Ior, Ior, Iwr, Xos, Xos, Xv, Xv, Xv, Xv, Xv, Xv^_fme, Hh^_fme, Hh, Hh, Hh, Hh^Ybr, Hh, Gs^Eff, Gg^Eff, Gs^Fds, Gg, Gg, Rd, Gg, Gg, Ww, Wwf, Gg, Gg^Ystb, Gg^Ystc, Gg, Gg, Ww, Ww, Ww, Gs, Gg, Gg, Gg, Hh, Hh, Mm, Mm, Mm^_fme, Xu^_fme, Uh, Uh, Qxu, Qxu^Ywbl, Xu, Xu, Ur^Emf, Ur, Xu, Qxu^Ywbl, Qxu, Xu, Xu^_fme, Mm^_fme, Mm, Mm, Mm, Mm, Mm, Hh, Hh, Hh, Hh, Gs, Hh, Gs, Gg, Gs, Gs, Gg, Gs, Gg, Gs, Gs^Ft, Gs, Gs, Gs, Gs^Ft, Gs^Ft, Gs, Gs^Ft, Gg, Gs, Gs, Gs, Gs, Gs, Gs, Gs, Gs, Gs, Gs^Ft, Gg, Gg
Xv, Xos, Xos, Iwr, Xos^_fme, Ior, Iwr^_fme, Xos^_fme, Xv^_fme, Xv, Xv, Xv, Xv, Xv^_fme, Hh^_fme, Hh, Gs, Hh, Gg^Eff, Gg^Eff, Gs^Fds, Gs^Fds, Gs^Fds, Gg, Gs^Fds, Gs^Fds, Gg, Gg, Ww, Wwf, Gg, Gg^Ysta, Rb^Gvs, Rb, Rb^Gvs, Gg, Rb^Gvs, Gg, Rb^Gvs, Gg, Gs, Hh, Hh, Hh, Mm, Mm, Mm^_fme, Xu^_fme, Xu, Uu, Uu^Ywbt, Xu, Xu, Ur, Xu, Uh, Xu, Xu, Qxu, Qxu, Xu^_fme, Mm^_fme, Mm, Mm, Mm, Mm, Mm, Mm, Hh, Mm, Hh^Ft, Hh, Hh^Ft, Hh^Ybr, Gs, Gs, Gs^Ft, Gs, Gs, Gs, Gs, Gg, Gs, Gs, Gs, Gg, Gs, Gs, Gs, Gs, Gs^Ft, Gs, Gs^Ft, Gs^Ft, Gs^Ft, Gs^Ft, Gs^Ft, Gs^Ft, Gs^Ft, Gs, Gs, Gs
Xv, Xv, Xv, Xos, Rd^_fme, Xos^_fme, Ce^_fme, Xv^_fme, Ce^_fme, Xv, Xv, Xv, Xv, Xv^_fme, Hh^_fme, Hh, Gg, Gs^Eff, Gs^Fds, Gs^Fds, Gs^Fds, Gs^Fds, Gs^Fds, Gs^Fds, Gs^Fds, Gg, Ww, Ww, Ww, Ww, Gg, Gs, Rb^Gvs, Rb^Gvs, Rb^Gvs, Rb^Gvs, Rb^Gvs, Rb^Gvs, Gg^Eff, Gs, Hh, Hh, Hh, Hh, Hhd, Mm, Mm^_fme, Xu^_fme, Xu, Xu, Xu, Wwf, Uh, Uu^Ywbt, Xu, Xu, Uu, Uh, Xu, Xu, Xu^_fme, Mm^_fme, Mm, Mm, Mm, Mm, Mm, Mm, Mm, Mm, Mm, Hh^Ft, Hh, Hh, Hh, Gs^Ft, Gs, Gs^Ft, Gg, Gs^Ft, Gs^Ft, Gg, Gs^Ft, Gs^Ft, Gs, Gs, Gs, Gs, Gg, Gs^Ft, Gs^Ft, Gs^Ft, Gs, Gs, Gg, Gs, Gs, Gs^Ft, Gs, Gs, Gg, Gg
Xv, Xv, Gg^_fme, Gs^_fme, Ce^Ypoa, Xom^_fme, Ce^Eff, Ce^_fme, Ce^_fme, Xv, Xv, Xv, Xv, Xv^_fme, Gg^_fme, Gs, Gg^Eff, Gs^Fds, Gs^Fds, Gs^Fds, Gs^Fds, Gs^Fds, Gg, Gs^Fds, Gg, Gg, Ww, Ww, Gg, Gg, Rb^Gvs, Rb^Gvs, Rb^Gvs, Rb^Gvs, Rb^Gvs, Rb^Gvs, Gg^Eff, Gg^Eff, Hh, Hh, Hh, Hhd, Hh, Hhd, Hhd, Mm, Mm^_fme, Xu^_fme, Xu, Uu^Ywbl, Ur, Ur, Ur, Uh, Uu^Emf, Uu^Ywbl, Ur, Ur, Xu, Uu, Xu^_fme, Mm^_fme, Mm^_fme, Mm^_fme, Mm^_fme, Mm^_fme, Mm^_fme, Mm^_fme, Mm^_fme, Mm^_fme, Mm^_fme, Mm^_fme, Mm^_fme, Hh^_fme, Hh^_fme, Hh^_fme, Gs^_fme, Gs^_fme, Gs^_fme, Gs^_fme, Gs^_fme, Gs^_fme, Gs^_fme, Gg^_fme, Gg^_fme, Gs^_fme, Gs^_fme, Gs^_fme, Gs^_fme, Gs^_fme, Gs^_fme, Gs^_fme, Gg^_fme, Gg^_fme, Gs^_fme, Gs^_fme, Gg^_fme, Gs^_fme, Gg^_fme, Gs^_fme, Gs^_fme, Gs^_fme
Gs, Gg^_fme, Ce^Ysta, Ce^Ystc, Ce, Ce, Ce, Ce^Eff, Xom^_fme, Xv^_fme, Xv, Xv, Xv, Xv^_fme, Gg^_fme, Gs^Eff, Gs^Fds, Gs^Fds, Gs^Fds, Gs^Fds, Gg, Gs, Ww, Gg, Ww, Gg, Ww, Gg, Rb, Rb^Gvs, Rb^Gvs, Rb^Gvs, Rb^Gvs, Rb^Gvs, Rb^Gvs, Rb^Gvs, Gs, Gs, Hh, Hh, Hh^Ft, Hhd, Hhd, Hhd^Ft, Hhd, Mm, Mm^_fme, Xu^_fme, Xu, Uh^Uf, Uh, Qxu, Xu, Qxu, Xu, Xu, Xu, Uh, Ur^Emf, Uu^Ywbt, Xu, Xv^_fme, Xv^_fme, Xv^_fme, Xv^_fme, Xv^_fme, Xv^_fme, Xv^_fme, Xv^_fme, Xv^_fme, Xuc^_fme, Xv^_fme, Xuc^_fme, Xv^_fme, Xuc^_fme, Xv^_fme, Xuc^_fme, Xv^_fme, Xuc^_fme, Xv^_fme, Xuc^_fme, Xv^_fme, Xuc^_fme, Xv^_fme, Xuc^_fme, Xv^_fme, Xu^_fme, Xv^_fme, Xuc^_fme, Xv^_fme, Xuc^_fme, Xv^_fme, Xuc^_fme, Xv^_fme, Xuc^_fme, Xv^_fme, Xu^_fme, Xv^_fme, Xu^_fme, Wog^_fme, Wog^_fme, Wog^_fme
Gs, Ce^Ybox, Ce, Ce, Ce, Ce, Ce, Ce, Rd^_fme, Xv^_fme, Xv, Xv, Xv, Xv^_fme, Gg^_fme, Gs, Gg, Gs^Fds, Gg, Gg, Ww, Wwf, Gg, Ww, Ww, Ww, Gg, Gg, Rb^Gvs, Rb^Gvs, Rb^Gvs, Rb^Gvs, Rb^Gvs, Rb^Gvs, Rb^Gvs, Rb, Gs, Hh, Hhd, Hh, Hh, Hh, Hhd^Ft, Hhd, Mm, Mm, Mm^_fme, Xu^_fme, Xu, Uu^Ywbl, Xu, Uh, Uu^Ywbt, Xu, Uh, Xu, Uu^Ywbt, Uu, Xu, Uu^Ywbl, Xu, Xu, Xu, Xu, Xu^_fme, Xu^_fme, Xuc, Xu, Xu, Xu, Xuc, Xuc, Xuc, Xuc, Uu^Dr, Xuc, Xuc, Xu, Xuc, Xuc, Uh^Br\, Xuc, Xuc, Xuc, Xuc, Xu, Uh^Br\, Xuc, Xuc, Xuc, Xuc, Xu, Xuc, Xuc, Uu^Br/, Xuc, Uu^Dr, Xu, Ur, Wog, Xu, Xu
Hh, Ce, Ce, Ce, Ce, Ce, Ce, Ce^Ysta, Gs^_fme, Xv^_fme, Xv, Xv, Xv, Xv^_fme, Ww^_fme, Gg, Ww, Gg, Ww, Ww, Gg, Wwf, Wwf, Ww, Gg, Gg, Rb^Gvs, Rb^Gvs, Rb^Gvs, Rb^Gvs, Rb^Gvs, Rb^Ysc, Rb^Gvs, Rb^Gvs, Rb^Eff, Gg^Eff, Hh, Hh, Hhd^Ft, Hhd, Mm^Ybr, Hhd^Ft, Hhd^Ft, Mm, Mm, Mm, Mm^_fme, Xu^_fme, Xu, Xu, Xu, Uu^Ywbt, Uu^Emf, Qxu, Ur, Uh, Ur, Uu^Ywbt, Xu, Xu, Xu^_fme, Xu, Xu, Xu, Xv^_fme, Xu^_fme, Xuc, Xuc, Xuc, Uh^Br\, Uu^Br\, Xuc, Uu^Br/, 5 Ur^Br\, Uu^Dr, Uh^Ybr, Xuc, Uh^Br\, Ur^Br\, Ur^Br/, Qxu, Uu^Br\, Ur^Br/, Xuc, Xuc, Xuc, Xuc, Ur^Br\, Uu^Br\, Xuc, Ur^Br/, Uh^Br\, Uu^Br\, Uu^Br|, Xuc, Ur^Br\, Uu^Br\, Uu, Wwf^Edb, Wog, Xu, Xu
Hh, Ce, Ce, Ce, Ce, Ce, Ce, Ce^Ystb, Rd^_fme, Xv^_fme, Xv, Xv, Xv, Xv^_fme, Ww^_fme, Ww, Gg, Ww, Gg, Gg, Gg, Ww, Gg, Gg, Rb^Gvs, Rb^Gvs, Rb^Gvs, Rb^Gvs, Rb^Gvs, Rb^Gvs, Rb^Gvs, Rb^Gvs, Rb^Gvs, Rb^Gvs, Gg, Hh, Hh, Hhd, Hhd^Ft, Hh^Ft, Hhd, Hh, Mm, Mm, Hhd, Mm, Mm^_fme, Xu^_fme, Xu, Xu, Xu, Xu, Uu^Ywbt, Ur, Wwf, Ur, Ur, Xu, Uh, Xu, Mm^_fme, Mm^_fme, Mm^_fme, Xu, Xv^_fme, Mdd^_fme, Ds, Uu^Br\, Ur^Br\, Xuc, Ur^Br/, Ur^Br/, Uu^Br\, Xu, Xuc, Ur^Br\, Uu^Emf, Xuc, Xu, Uu^Br\, Uu^Br\, Ur^Br/, Ur^Br\, Xuc, Xu, Uu^Dr, Uh, Xuc, Uu^Br/, Uu^Br/, Uu^Br\, Xuc, Wwf^Br/, Ur^Br/, Uu^Br\, Xuc, Xu, Uu, Wog, Wog, Xu, Xu
Xv, Hh^_fme, Gs^_fme, Ce, Ce, Ce, Rd^_fme, Rd^_fme, Xv^_fme, Xv^_fme, Xv, Xv, Xv, Xv^_fme, Gg^_fme, Gg, Gg, Gg, Rb^Gvs, Rb^Gvs, Rb^Gvs, Rb, Rb^Gvs, Rb^Gvs, Rb^Gvs, Rb^Gvs, Rb^Gvs, Rb^Gvs, Rb^Gvs, Rb^Gvs, Rb^Gvs, Rb^Gvs, Gg^Eff, Gs^Eff, Hh, Hhd, Hh^Ft, Hh^Ft, Hhd, Hh^Ft, Hhd^Ft, Mm, Hhd, Hhd, Mm, Mm, Hhd^_fme, Xu^_fme, Xu, Xu, Xu, Uu, Xu, Uu, Uh, Uu, Uu, Uu, Uu^Ywbt, Xu, 3 Hh, Mm^_fme, Mm^_fme, Xu, Xv^_fme, Mdd^_fme, Xu, Uu^Br\, Uu^Br\, Ur^Br\, Xuc, Uh^Br\, Uh^Br\, Uh^Br\, Uh^Br\, Xuc, Xuc, Uh^Br\, Uu^Br\, Ur^Br/, Xuc, Uh^Br\, Xu, Uu^Br\, Uu^Br\, Uu^Emf, Ur^Br/, Ur^Br/, Xuc, Uu^Br\, Uh^Br\, Ur^Br/, Uu^Br\, Xuc, Xuc, Xu, Xu, Wog, Xu, Xu, Xu, Xu
Xv, Xv^_fme, Xv^_fme, Rd^_fme, Gs^_fme, Rd^_fme, Xv^_fme, Xv^_fme, Xv, Xv, Xv, Xv, Xv, Xv^_fme, Gg^_fme, Gg, Gs, Rb^Gvs, Rb, Rb^Gvs, Rb, Rb^Gvs, Rb, Rb^Gvs, Rb, Rb^Gvs, Rb, Rb^Gvs, Rb, Rb^Gvs, Gg^Eff, Gg^Eff, Gs, Hh, Hhd, Hhd, Hhd, Hh, Mm, Hhd, Hhd, Mm, Mm, Hhd, Mm, Hhd, Hhd^_fme, Xu^_fme, Xu, Xu, Xu, Xu, Uu^Ywbl, Ur, Xu, Uu^Ywbl, Xu, Uh, Xu, Ur, Xu, Mm^_fme, Xu, Xu, Xv^_fme, Xu^_fme, Xuc, Xuc, Xuc, Uh^Br\, Xuc, Xuc, Xuc, Xuc, Xuc, Xu, Xuc, Xuc, Xuc, Xuc, Xuc, Xuc, Xuc, Xuc, Xuc, Uu^Uf, Xuc, Xuc, Xuc, Xuc, Uu^Br|, Xuc, Xuc, Uu^Br\, Uh^Br\, Xu, Wog, Wog, Xu, Xu, Xu, Xu
Xv, Xv, Xv, Xv^_fme, Xv, Xv, Xv, Xv, Xv, Xv, Xv, Xv, Xv, Xv, Gg^_fme, Gg, Gg, Gg, Gg, Gg, Gg, Gs, Gs, Gs, Gs, Gg, Gg, Gg, Gg, Gg, Gg, Gg, Hh, Hh, Hh, Hh, Hh, Hh, Hh, Hhd, Hhd, Hhd, Hh, Hhd, Hh, Hhd, Hh^_fme, Xu^_fme, Xu, Xu, Xu, Xu, Xu, Xu, Xu, Xu, Xu, Xu, Xu, Xu, Xu, Xu, Xu, Xu, Xu, Xu, Xu, Xuc, Xu, Xu, Xu, Xu, Xu, Xu, Xu, Xu, Xu, Xu, Xu, Xu, Xu, Xu, Xu, Xu, Xu, Xu, Xu, Xu, Xu, Xu, Xu, Xu, Xu, Xu, Xu, Xu, Wog, Xu, Xu, Xu, Xu, Xu
