Mm, Mm, Mm, Mm, Mm, Mm, Mm, Mm, Mm, Mm^_fme, Mm, Mm^_fme, Mm, Mm^_fme, Mm, Mm^_fme, Mm, Mm^_fme, Mm, Mm, Mm, Mm, Mm, Mm, Mm, Mm, Mm, Mm, Mm, Mm, Mm, Hh, Hh, Hh, Xos^_fme, Xv^_fme, Xv^_fme, Xv^_fme, Xv^_fme, Xv^_fme, Urb^_fme, Xos^_fme, Xos, Xv^_fme, Xv^_fme, Xv^_fme, Xv^_fme, Xv^_fme, Xv^_fme, Xv^_fme, Xv^_fme, Xv^_fme
Md, Mm, Mm, Mm, Mm, Mm, Mm, Mm, Mm, Mm, Mm, Mm, Mm, Mm, Mm, Mm, Mm, Mm, Mm, Mm, Mm, Mm, Mm, Mm, Mm, Mm, Mm, Mm, Mm, Mm, Mm, Hh, Hh, Hh^_fme, Xv^_fme, Xv^_fme, Xv^_fme, Xv^_fme, Xv^_fme, Xv^_fme, Xos, Urb^Pw/, Urb, Xos, Xos^Efs, Xv^_fme, Xv^_fme, Xv^_fme, Xv^_fme, Xv^_fme, Xv^_fme, Xv^_fme
Wo, Mm, Mm, Mm, Mm, Mm, Mm, Hh, Mm, Mm, Hh, Mm, Mm, Mm, Mm, Mm, Hh, Mm, Mm, Mm, Mm, Mm, Mm, Mm, Mm, Mm, Mm, Mm, Mm, Mm, Hh, Hh, Hh, Hh^_fme, Xv^_fme, Xv^_fme, Xv^_fme, Xv^_fme, Xos, Xos, Xol, Xol, Urb, Urb, Urb^Yfrb, Xos^Efs, Xos, Xv^_fme, Xv^_fme, Xv^_fme, Xv^_fme, Xv^_fme
Wo, Ww, Mm, Mm, Mm, Mm, Mm, Hh, Hh, Hh, Hh, Mm, Hh, Hh, Mm, Hh, Rrc^Yvif, Hh, Mm, Mm, Mm, Mm, Mm, Mm, Mm, Mm, Mm, Mm, Hh, Hh, Gd^Es, Gs, Gs, Gd^_fme, Xv^_fme, Xv^_fme, Xos^_fme, Xos^_fme, Xol, Urb^Ysrc, Urb^Ychd, Urb, Urb, Urb, Urb^Ytaa, 1 Urb^Ychc, Urb, Xos^Efs, Xos^Efs, Xv^_fme, Xv^_fme, Xv^_fme
Wo, Ww, Ds, Hh^Ft, Hh^Ebn, Hh^Ft, Hh, Hh, Co, Co, Co, Hh, Gs, Hh, Gg, Hh, Rrc, Hh, Hh, Mm, Hh, Mm, Hh, Mm, Hh, Hh, Hh, Hh, Hh, Hh, Gs, Gs, Hh, Gd^_fme, Xv^_fme, Urb^_fme, Urb, Xol, Urb, Urb, Urb, Urb^Ytac, Urb^Ychb, Urb, Urb, Urb^Ytae, Urb^Ebn, Urb, Urb, Xos, Xos, Xv^_fme
Wo, Wo, Ww, Ds, Ds, Gg, Gs, Co, Hhd^Xo, Wwf^Xo, Ss^Xo, Co, Gs, Gs, Gs, Rp^Efs, Rr, Rp^Efs, Gg^Efm, Hh, Gg^Do, Hh, Gg, Hh, Gg, Hh, Gs, Gd, Hh, Hh^Es, Gs, Gs, Gs^Edpp, Gs^_fme, Xv^_fme, Xos, Urb^Ebn, Urb, Urb, Urb^Ytad, Urb, Urb, Urb^Ebn, Urb^Ytac, Urb, Urb^Ycha, Urb, Urb, Xos, Urb, Xos, Xv^_fme
Wo, Wo, Ww, Ds, Gg^Fts, Gs^Fts, Gs, Co, Gd^Xo, Rd^Xo, Wwf^Xo, Co, Gg, Gg, Gg, Rp, Rr, Rp, Gg^Efm, Rr^Yvid, Gg^Efm, Gg, Rrc, Rrc^Yvie, Gg, Gg, Gs, Gs, Gs, Gd, Gs, Gd^Esd, Gd^Fts, Gd^_fme, Xv^_fme, Xos, Xos, Urb^Ychf, Urb, Urb, Urb, Urb^Ytad, Urb^Ycha, Urb, Urb^Yche, Urb^Ytad, Xos, Xos, Xos, Urb^Pw|, Xos^_fme, Xv^_fme
Ww^Es, Wo, Ww^Es, Ds, Gg, Gs, Gs^Eff, Co, Co, Rd^Xo, Ko, Co, Gg, Gg^Fet, Gg, Rp, Rr, Rp, Gs, Rr, Gg, Gg, Gs^Ywe, Rrc, Gs^Ebn, Ch, Ch, Gs, Gd, Gs^Edpp, Gs, Gs, Gs^Ebn, Gd^_fme, Xv^_fme, Xos, Xos, Xos, Urb, Urb, Urb, Urb, Urb, Urb^Ytac, Xos, Xos, Xos^_fme, Xos^_fme, Xv^_fme, Urb^_fme, Xv^_fme, Xv^_fme
Wo, Wo, Ww, Ds, Ds, Gg^Eff, Rd, Gg, Gs^Es, Co, Rd, Rd, Rr, Rp, Rr, Rr, Rr, Rr, Rr, Rr, Rr, Rp, Rr, Rr, Rr, Rr, Rr^Ysp, Rr, Rr, Rd, Rr, Gd, 2 Rd, Gd^_fme, Xv^_fme, Xos^_fme, Urb^_fme, Urb^Pw\, Xos, Xos, Xos, Urb^Ebn, Xos, Urb, Urb^_fme, Xos^_fme, Xv^_fme, Xv^_fme, Xv^_fme, Xv^_fme, Xv^_fme, Xv^_fme
Wo, Wo, Ww, Ww, Ww^Bw/, Ds^Bw/, Rd, Rd, Gs, Gs^Es, Gg, Gg, Wwt^Bsb|, Rr, Gg, Rr, Rd, Rr, Rd, Rr, Gs, Rp, Gg, Rr, Gs, Rr, Ch, Rr, Gs, Rr, Gd, Rp, Gd^Ebn, Rp^_fme, Xv^_fme, Xv^_fme, Xv^_fme, Xos^_fme, Xv^_fme, Xos, Xos, Xos, Xos^_fme, Xos^_fme, Xv^_fme, Xv^_fme, Xv^_fme, Xv^_fme, Xv^_fme, Xv^_fme, Xv^_fme, Xv^_fme
Wo, Wo, Wo, Ww, Ww, Ds, Ds, Rd^Yvig, Rd, Gs, Wwt, Wwt^Ewf, Rrc, Wwt, Wwt, Gg^Es, Gs^Es, Rd, Rd, Gs, Gs^Fts, Gs, Gs^Fts, Rd, Gs, Kh, Gd^Edt, Gd, Gd^Es, Gs, Gs, Gd, Gd, Gd^_fme, Xv^_fme, Xv^_fme, Xv^_fme, Xv^_fme, Xv^_fme, Xv^_fme, Xv^_fme, Xos^_fme, Xv^_fme, Xv^_fme, Xv^_fme, Xv^_fme, Xv^_fme, Xv^_fme, Xv^_fme, Xv^_fme, Xv^_fme, Xv^_fme
Wo, Wo, Wo, Wo, Ww, Ds, Ds, Ds, Rd, Gg, Wwt, Rrc, Cv, Rrc, Wwt^Ewf, Gs, Rd, Gs, Gg^Efm, Hhd^Yvic, Rd, Gs^Fts, Rd, Ce, Ce, Gd^Edt, Gd^Edt, Gd^Edb, Gs, Gs, Gs^Es, Gd^Edpp, Gs, Gd^_fme, Xv^_fme, Xv^_fme, Xv^_fme, Xv^_fme, Xv^_fme, Xv^_fme, Xv^_fme, Xv^_fme, Xv^_fme, Xv^_fme, Xv^_fme, Xv^_fme, Xv^_fme, Xv^_fme, Xv^_fme, Xv^_fme, Xv^_fme, Xv^_fme
Wo, Wo, Wo, Ww, Ds, Ds, Ds, Rd^Yvih, Rd, Gs, Wwt^Bsb/, Rrc^Efs, Rrc, Rrc^Efs, Wwt^Bsb\, Gg, Rd, Rd, Rd, Gg^Efm, Rd, Rd, Rd, Ce, Rd, Rd, Gd^Fts, Gd^Fts, Gd, Gd^Fts, Hh, Hh, Gd^Es, Gd^_fme, Xv^_fme, Xv^_fme, Xv^_fme, Xv^_fme, Xv^_fme, Xv^_fme, Xv^_fme, Xv^_fme, Xv^_fme, Xv^_fme, Xv^_fme, Xv^_fme, Xv^_fme, Xv^_fme, Xv^_fme, Xv^_fme, Xv^_fme, Xv^_fme
Wo, Wo, Ww, Ww, Ds, Ds, Ds, Ds, Rd, Rd, Gg, Wwt, Wwt, Wwt, Rd, Rd, Rd, Rd, Rd, Rd, Gs, Rd, Gs, Rd, Rd^Ebn, Rd, Ch, Gs^Fts, Gs^Es, Gd, Gs, Gs, Hh, Gd^_fme, Xv^_fme, Xv^_fme, Xv^_fme, Xv^_fme, Xv^_fme, Xv^_fme, Xv^_fme, Xv^_fme, Xv^_fme, Xv^_fme, Xv^_fme, Xv^_fme, Xv^_fme, Xv^_fme, Xv^_fme, Xv^_fme, Xv^_fme, Xv^_fme
Wo, Wo, Wo, Ww, Ww, Ds, Ch, Rd, Rd^Ebn, Rd, Gs^Es, Gs, Gs, Rd, Gs, Gg, Hh, Gs, Rd, Gs, Gs^Edpp, Rd^Yvik, Rb, Gd, Ch, Rd, Rd^Ysp, Gs, Gs, Gs, Gd, Gd, Gs^Edpp, Hh^_fme, Xv^_fme, Xv^_fme, Xv^_fme, Xv^_fme, Xv^_fme, Xv^_fme, Xv^_fme, Xv^_fme, Xv^_fme, Xv^_fme, Xv^_fme, Xv^_fme, Xv^_fme, Xv^_fme, Xv^_fme, Xv^_fme, Xv^_fme, Xv^_fme
Wo, Wo, Wo, Wo, Ww, Ds, Ds, Rd, Ch, Gs, Hh, Hh, Gs^Edt, Rd^Yvij, Hh, Gs^Edp, Hh^Em, Hh^Yvib, Hh^Em, Hh, Hh, Rb^Gvs, Rb^Edp, Gs, Gs^Es, Gs, Gs, Rd, Rd, Gs, Gs, Gd^Es, Gs, Gs^_fme, Xv^_fme, Xv^_fme, Xv^_fme, Xv^_fme, Xv^_fme, Xv^_fme, Xv^_fme, Xv^_fme, Xv^_fme, Xv^_fme, Xv^_fme, Xv^_fme, Xv^_fme, Xv^_fme, Xv^_fme, Xv^_fme, Xv^_fme, Xv^_fme
Wo, Wo, Wo, Wo, Ww, Ww^Ewl, Hh, Rd, Rd, Hh, Mm, Hh, Hh, Hh, Hh, Hh, Mm, Hh^Emf, Mm, Hh, Hh, Hh, Hh, Hh, Hh, Hh, Hh, Gd, Gd, Rd, Rd, Gd, Rd, Gs^_fme, Xv^_fme, Gd^_fme, Xv^_fme, Xv^_fme, Xv^_fme, Xv^_fme, Xv^_fme, Xv^_fme, Xv^_fme, Re^_fme, Xv^_fme, Xv^_fme, Xv^_fme, Xv^_fme, Xv^_fme, Xv^_fme, Xv^_fme, Xv^_fme
Wo, Wo, Wo, Wo, Ww, Ds, Hh, Hh, Rd^Ysp, Hh, Mm, Mm, Mm, Mm, Mm, Mm, Mm, Mm, Mm, Mm, Mm, Hh, Mm, Hh, Mm, Mm, Hh, Hh, Hh, Gs, Hh, Rd, Hh, Rd^_fme, Xv^_fme, Xv^_fme, Xv^_fme, Xv^_fme, Xv^_fme, Xv^_fme, Xv^_fme, Xv^_fme, Xv^_fme, Xv^_fme, Xv^_fme, Xv^_fme, Xv^_fme, Xv^_fme, Xv^_fme, Xv^_fme, Xv^_fme, Xv^_fme
Wo, Ww, Ww, Ww, Ds, Hh, Rd, Rd, Hh, Hh, Mm, Mm, Mm, Mm, Mm, Mm, Mm, Mm, Mm, Mm, Mm, Mm, Mm, Mm, Mm, Mm, Mm, Hh, Hh, Hh, Hh, Hh, Hh, Rd^_fme, Xv^_fme, Xv^_fme, Xv^_fme, Xv^_fme, Xv^_fme, Xv^_fme, Xv^_fme, Xv^_fme, Xv^_fme, Xv^_fme, Xv^_fme, Xv^_fme, Xv^_fme, Xv^_fme, Xv^_fme, Xv^_fme, Xv^_fme, Xv^_fme
Ww^Ewl, Ww, Ds, Ds, Rd, Rd, Hh, Hh, Hh, Mm, Mm, Mm, Mm, Mm, Mm, Mm, Mm, Mm, Mm, Mm, Mm, Mm, Mm, Mm, Mm, Mm, Mm, Mm, Mm, Hh, Hh, Hh, Hh, Gs^_fme, Xv^_fme, Xv^_fme, Rd^Xo, Xv^_fme, Xv^_fme, Xv^_fme, Xv^_fme, Xv^_fme, Xv^_fme, Xv^_fme, Xv^_fme, Xv^_fme, Xv^_fme, Xv^_fme, Xv^_fme, Xv^_fme, Xv^_fme, Xv^_fme
